V3 3
FL C:/Users/MASHADSERVICE/Desktop/FP/FinalPrj/Reg16bit.vhd 2020/09/25.00:24:40 P.20131013
EN work/Reg16bit 1600983857 \
      FL C:/Users/MASHADSERVICE/Desktop/FP/FinalPrj/Reg16bit.vhd \
      PB ieee/std_logic_1164 1381692176 PB ieee/STD_LOGIC_UNSIGNED 1381692179
AR work/Reg16bit/dataflow 1600983858 \
      FL C:/Users/MASHADSERVICE/Desktop/FP/FinalPrj/Reg16bit.vhd EN work/Reg16bit 1600983857
